[djordjevracevicstickrungiveaway.blogspot.com/2020/04/djordje-vracko-vracevic-giveaway40aa.html]
[backblue.gif]
[fade.gif]
[index.html]
[djordjevracevicstickrungiveaway.blogspot.com/2020/04/djordje-vracko-vracevic-giveaway.html]
[1.bp.blogspot.com/-lfHqP3tKZXU/XrFwkFEVqwI/AAAAAAAAABw/8iYfRDFOzIUlIL0pxNt1r_7lDevH6J-FgCEwYBhgL/s1600/crystaleyes.png]
[2.bp.blogspot.com/-30fd-p-GRkU/XrFzqmvsdHI/AAAAAAAAACY/hLrH5_p73wAfd4a78hTh_DG5JvIYLSz4QCK4BGAYYCw/s0/pVtmeA6t_400x400.jpg]
[www.gstatic.com/external_hosted/clipboardjs/clipboard.min.js]
[djordjevracevicstickrungiveaway.blogspot.com/2020/04/https.6.delayed]
[1.bp.blogspot.com/-qfSMP88aAN8/XrFwcAjtL8I/AAAAAAAAABs/ScfXO0nGULMT2Jeo9LeZZxpmDf0h_LBcACLcBGAsYHQ/s1600/japanbg.png]
[1.bp.blogspot.com/-fvWE46in924/XrFwsNtIvAI/AAAAAAAAACE/YxYxEEbeq8E7NB-c3yP8ORd8Jiw1zBnjACEwYBhgL/s1600/brain.png]
[1.bp.blogspot.com/-ZyYZW0j6iXM/XrFwpclEsoI/AAAAAAAAACA/9UyxCL3Syj4lC1h5QZi_CWVtHaDdmWe4ACEwYBhgL/s1600/tannersbow.png]
[1.bp.blogspot.com/-nwaVKwZDayI/XrFwmWnlOxI/AAAAAAAAACE/BFi5cy0cJ48q5jifRQR6YWaZFg8_MC9hACEwYBhgL/s1600/matrixskin.png]
[1.bp.blogspot.com/-kPoIRfR0wPM/XqmcLyjTBuI/AAAAAAAAAAY/nxuq8Vx5crAS7W3NqUCthhjHr2MZC0N_QCLcBGAsYHQ/s200/claim-button-jb.png]
[djordjevracevicstickrungiveaway.blogspot.com/2020/04/djordje-vracko-vracevic-giveawayf53f.html]
[www.blogger.com/static/v1/jsbin/1334751479-comment_from_post_iframe.js]
[resources.blogblog.com/blogblog/data/res/463583235-vegeclub_compiled.js]
[www.blogger.com/static/v1/widgets/3905868452-widgets.js]
[djordjevracevicstickrungiveaway.blogspot.com/2020/04/djordje-vracko-vracevic-giveaway40aa.html]
[djordjevracevicstickrungiveaway.blogspot.com/2020/04/djordje-vracko-vracevic-giveaway.html]
[www.blogger.com/dyn-css/authorization1b0a.css]
[djordjevracevicstickrungiveaway.blogspot.com/2020/04/https.html]
[djordjevracevicstickrungiveaway.blogspot.com/2020/04/djordje-vracko-vracevic-giveawayf53f.html]
